// Vitest Snapshot v1, https://vitest.dev/guide/snapshot.html

exports[`Check style props 1`] = `
[
  "button",
  "button--size-l",
  "button--color-primary",
  "decoration--default",
]
`;
